


ARM Macro Assembler    Page 1 


    1 00000000                 thumb
    2 00000000                 AREA             DFTint, code, READONLY
    3 00000000         
    4 00000000                 export           dftint
    5 00000000         
    6 00000000         dftint  proc
    7 00000000         ;TabSig dans r0 ;valeur de k dans r1 ;adresse de TabCos 
                       dans r2 
    8 00000000 B570            push             {lr, r4, r5, r6}
    9 00000002         ;initialisation
   10 00000002 F04F 0300       mov              r3, #0      ;i ; initialisation
                                                             (c'est le premier 
                                                            tour de la boucle)
   11 00000006 FB01 FC03       mul              r12, r1, r3 ;r12 contient i * k
                                                             normalement 0 à la
                                                             premiere itération
                                                            
   12 0000000A F04F 0400       mov              r4, #0      ;initialisation res
                                                            ultat 
   13 0000000E         
   14 0000000E         ;debut for
   15 0000000E         ; on fait le modulo de r12 (i*k)
   16 0000000E F00C 0C3F 
                       debfor  and              r12, r12, #0x3F
   17 00000012         ; on met dans r5 la valeur du cos(i*k)
   18 00000012 F932 501C       ldrsh            r5, [r2, r12, lsl #1]
   19 00000016         ; on met dans r6 la valeur du signal(k)
   20 00000016 F930 6013       ldrsh            r6, [r0, r3, lsl #1]
   21 0000001A         ; on ajoute le produit dans r4
   22 0000001A FB05 4406       mla              r4, r5, r6, r4
   23 0000001E F103 0301       add              r3, #1
   24 00000022 FB01 FC03       mul              r12, r1, r3
   25 00000026 2B40            cmp              r3, #64
   26 00000028 DBF1            blt              debfor
   27 0000002A         ;fin for
   28 0000002A 4620            mov              r0, r4
   29 0000002C E8BD 4070       pop              {lr, r4, r5, r6}
   30 00000030 4770            bx               lr
   31 00000032                 endp
   32 00000032                 end
Command Line: --debug --xref --diag_suppress=9931 --cpu=Cortex-M3 --apcs=interw
ork --depend=.\obj\dftint.d -o.\obj\dftint.o -I.\RTE\_Simu -I"C:\Users\Florian 
Leon\AppData\Local\Arm\Packs\ARM\CMSIS\5.6.0\CMSIS\Core\Include" -I"C:\Users\Fl
orian Leon\AppData\Local\Arm\Packs\Keil\STM32F1xx_DFP\2.3.0\Device\Include" --p
redefine="__EVAL SETA 1" --predefine="__MICROLIB SETA 1" --predefine="__UVISION
_VERSION SETA 529" --predefine="_RTE_ SETA 1" --predefine="STM32F10X_MD SETA 1"
 --list=dftint.lst src\DFTint.s



ARM Macro Assembler    Page 1 Alphabetic symbol ordering
Relocatable symbols

DFTint 00000000

Symbol: DFTint
   Definitions
      At line 2 in file src\DFTint.s
   Uses
      None
Comment: DFTint unused
debfor 0000000E

Symbol: debfor
   Definitions
      At line 16 in file src\DFTint.s
   Uses
      At line 26 in file src\DFTint.s
Comment: debfor used once
dftint 00000000

Symbol: dftint
   Definitions
      At line 6 in file src\DFTint.s
   Uses
      At line 4 in file src\DFTint.s
Comment: dftint used once
3 symbols
338 symbols in table
