


ARM Macro Assembler    Page 1 


    1 00000000                 thumb
    2 00000000                 area             moncode, code, readonly
    3 00000000         
    4 00000000 40010C10 
                       GPIOB_BSRR
                               equ              0x40010C10  ; Bit Set/Reset reg
                                                            ister
    5 00000000                 export           timer_callback
    6 00000000                 extern           currentVal
    7 00000000         
    8 00000000         timer_callback
                               proc
    9 00000000         ;on charge l'adresse de currentVal dans un registre libr
                       e
   10 00000000         ; on ne peut utiliser que r0 et r2
   11 00000000 4808            ldr              r0, =currentVal
   12 00000002         ;on recupere la valeur de currentVal dans un registre li
                       bre
   13 00000002 6802            ldr              r2, [r0]
   14 00000004         ; on recupere l'@ de port PB1
   15 00000004 4B08            ldr              r3, =GPIOB_BSRR
   16 00000006         ;ensuite si on a currentVal != 0 on branch pour le mettr
                       e à 0
   17 00000006 B932            cbnz             r2, setZero
   18 00000008         ; si currentValue = 0 alors on continue normalement
   19 00000008         
   20 00000008         ; mise a 1 de PB1
   21 00000008 F04F 0102       mov              r1, #0x00000002
   22 0000000C 6019            str              r1, [r3]
   23 0000000E         ;on rajoute 1...
   24 0000000E F04F 0101       mov              r1, #1
   25 00000012         ;... avant de le mettre à currentVal
   26 00000012 6001            str              r1, [r0]
   27 00000014 4770            bx               lr
   28 00000016         ; mise a zero de PB1
   29 00000016 F44F 3100 
                       setZero mov              r1, #0x00020000
   30 0000001A 6019            str              r1, [r3]
   31 0000001C F04F 0100       mov              r1, #0
   32 00000020 6001            str              r1, [r0]
   33 00000022 4770            bx               lr
   34 00000024         
   35 00000024                 endp
   36 00000024                 end
              00000000 
              40010C10 
Command Line: --debug --xref --diag_suppress=9931 --cpu=Cortex-M3 --apcs=interw
ork --depend=.\obj\signal_generator.d -o.\obj\signal_generator.o -I.\RTE\_Simu 
-I"C:\Users\Nahom Belay\AppData\Local\Arm\Packs\ARM\CMSIS\5.6.0\CMSIS\Core\Incl
ude" -I"C:\Users\Nahom Belay\AppData\Local\Arm\Packs\Keil\STM32F1xx_DFP\2.3.0\D
evice\Include" --predefine="__EVAL SETA 1" --predefine="__MICROLIB SETA 1" --pr
edefine="__UVISION_VERSION SETA 529" --predefine="_RTE_ SETA 1" --predefine="ST
M32F10X_MD SETA 1" --list=signal_generator.lst ./src/signal_generator.s



ARM Macro Assembler    Page 1 Alphabetic symbol ordering
Relocatable symbols

moncode 00000000

Symbol: moncode
   Definitions
      At line 2 in file ./src/signal_generator.s
   Uses
      None
Comment: moncode unused
setZero 00000016

Symbol: setZero
   Definitions
      At line 29 in file ./src/signal_generator.s
   Uses
      At line 17 in file ./src/signal_generator.s
Comment: setZero used once
timer_callback 00000000

Symbol: timer_callback
   Definitions
      At line 8 in file ./src/signal_generator.s
   Uses
      At line 5 in file ./src/signal_generator.s
Comment: timer_callback used once
3 symbols



ARM Macro Assembler    Page 1 Alphabetic symbol ordering
Absolute symbols

GPIOB_BSRR 40010C10

Symbol: GPIOB_BSRR
   Definitions
      At line 4 in file ./src/signal_generator.s
   Uses
      At line 15 in file ./src/signal_generator.s
Comment: GPIOB_BSRR used once
1 symbol



ARM Macro Assembler    Page 1 Alphabetic symbol ordering
External symbols

currentVal 00000000

Symbol: currentVal
   Definitions
      At line 6 in file ./src/signal_generator.s
   Uses
      At line 11 in file ./src/signal_generator.s
Comment: currentVal used once
1 symbol
342 symbols in table
