


ARM Macro Assembler    Page 1 


    1 00000000                 thumb
    2 00000000                 AREA             Test, code, READONLY
    3 00000000         
    4 00000000                 export           test
    5 00000000                 extern           TabCos
    6 00000000                 extern           TabSin
    7 00000000         
    8 00000000         
    9 00000000         test    proc
   10 00000000         ; r0 valeur de l'angle et retour à la fin
   11 00000000 4B06            ldr              r3, =TabCos
   12 00000002         ; r1 : valeur du cos
   13 00000002 F933 1010       ldrsh            r1, [r3, r0, lsl #1]
   14 00000006         ;carre de cos
   15 00000006 FB01 F101       mul              r1, r1, r1
   16 0000000A         ;r2 : valeur du sin
   17 0000000A 4C05            ldr              r4, =TabSin
   18 0000000C F934 2010       ldrsh            r2, [r4, r0, lsl #1]
   19 00000010         ;carre de sin
   20 00000010 FB02 F202       mul              r2, r2, r2
   21 00000014         ;on ajoute les deux carrés
   22 00000014 EB01 0002       add              r0, r1, r2
   23 00000018 4770            bx               lr
   24 0000001A         
   25 0000001A         
   26 0000001A                 endp
   27 0000001A                 end
              00 00 00000000 
              00000000 
Command Line: --debug --xref --diag_suppress=9931 --cpu=Cortex-M3 --apcs=interw
ork --depend=.\obj\test.d -o.\obj\test.o -I.\RTE\_Simu -I"C:\Users\Florian Leon
\AppData\Local\Arm\Packs\ARM\CMSIS\5.6.0\CMSIS\Core\Include" -I"C:\Users\Floria
n Leon\AppData\Local\Arm\Packs\Keil\STM32F1xx_DFP\2.3.0\Device\Include" --prede
fine="__EVAL SETA 1" --predefine="__MICROLIB SETA 1" --predefine="__UVISION_VER
SION SETA 529" --predefine="_RTE_ SETA 1" --predefine="STM32F10X_MD SETA 1" --l
ist=test.lst test.s



ARM Macro Assembler    Page 1 Alphabetic symbol ordering
Relocatable symbols

Test 00000000

Symbol: Test
   Definitions
      At line 2 in file test.s
   Uses
      None
Comment: Test unused
test 00000000

Symbol: test
   Definitions
      At line 9 in file test.s
   Uses
      At line 4 in file test.s
Comment: test used once
2 symbols



ARM Macro Assembler    Page 1 Alphabetic symbol ordering
External symbols

TabCos 00000000

Symbol: TabCos
   Definitions
      At line 5 in file test.s
   Uses
      At line 11 in file test.s
Comment: TabCos used once
TabSin 00000000

Symbol: TabSin
   Definitions
      At line 6 in file test.s
   Uses
      At line 17 in file test.s
Comment: TabSin used once
2 symbols
341 symbols in table
